2026-08-24T15:28:52.1711864Z Current runner version: '2.336.0'
2026-08-24T15:28:52.2005537Z ##[group]Runner Image Provisioner
2026-08-24T15:28:52.2006883Z Hosted Compute Agent
2026-08-24T15:28:52.2007829Z Version: 20260729.566
2026-08-24T15:28:52.2008800Z Commit: cf7153fe6e25b664e8693c24944bf2b00355d109
2026-08-24T15:28:52.2009930Z Build Date: 2026-07-29T19:17:02Z
2026-08-24T15:28:52.2010996Z Worker ID: {58c7f533-aa92-4a1e-b496-d13de478c597}
2026-08-24T15:28:52.2012108Z Azure Region: westus3
2026-08-24T15:28:52.2013001Z ##[endgroup]
2026-08-24T15:28:52.2014873Z ##[group]Operating System
2026-08-24T15:28:52.2015864Z Microsoft Windows Server 2025
2026-08-24T15:28:52.2016829Z 10.0.26100
2026-08-24T15:28:52.2017660Z Datacenter
2026-08-24T15:28:52.2018432Z ##[endgroup]
2026-08-24T15:28:52.2019271Z ##[group]Runner Image
2026-08-24T15:28:52.2020144Z Image: windows-2025-vs2026
2026-08-24T15:28:52.2021060Z Version: 20260818.207.1
2026-08-24T15:28:52.2023742Z Included Software: https://github.com/actions/runner-images/blob/win25-vs2026/20260818.207/images/windows/Windows2025-VS2026-Readme.md
2026-08-24T15:28:52.2026604Z Image Release: https://github.com/actions/runner-images/releases/tag/win25-vs2026%2F20260818.207
2026-08-24T15:28:52.2028270Z ##[endgroup]
2026-08-24T15:28:52.2030020Z ##[group]GITHUB_TOKEN Permissions
2026-08-24T15:28:52.2032678Z Contents: write
2026-08-24T15:28:52.2033597Z Metadata: read
2026-08-24T15:28:52.2034432Z ##[endgroup]
2026-08-24T15:28:52.2037233Z Secret source: Actions
2026-08-24T15:28:52.2039206Z Prepare workflow directory
2026-08-24T15:28:52.3286015Z Prepare all required actions
2026-08-24T15:28:52.3336010Z Getting action download info
2026-08-24T15:28:52.6397374Z Download action repository 'actions/checkout@v4' (SHA:11d5960a326750d5838078e36cf38b85af677262)
2026-08-24T15:28:52.8414288Z Download action repository 'pnpm/action-setup@v4' (SHA:b906affcce14559ad1aafd4ab0e942779e9f58b1)
2026-08-24T15:28:53.5606498Z Download action repository 'actions/setup-node@v4' (SHA:49933ea5288caeca8642d1e84afbd3f7d6820020)
2026-08-24T15:28:53.8688298Z Download action repository 'softprops/action-gh-release@v2' (SHA:3bb12739c298aeb8a4eeaf626c5b8d85266b0e65)
2026-08-24T15:28:54.9884343Z Complete job name: portable
2026-08-24T15:28:55.9261166Z Node 20 is being deprecated. This workflow is running with Node 24 by default. If you need to temporarily use Node 20, you can set the ACTIONS_ALLOW_USE_UNSECURE_NODE_VERSION=true environment variable. For more information see: https://github.blog/changelog/2025-09-19-deprecation-of-node-20-on-github-actions-runners/
2026-08-24T15:28:55.9273160Z ##[group]Run actions/checkout@v4
2026-08-24T15:28:55.9274282Z with:
2026-08-24T15:28:55.9275025Z   repository: ryansammm/MarkForge
2026-08-24T15:28:55.9282263Z   token: ***
2026-08-24T15:28:55.9282989Z   ssh-strict: true
2026-08-24T15:28:55.9283736Z   ssh-user: git
2026-08-24T15:28:55.9284494Z   persist-credentials: true
2026-08-24T15:28:55.9285336Z   clean: true
2026-08-24T15:28:55.9286102Z   sparse-checkout-cone-mode: true
2026-08-24T15:28:55.9287548Z   fetch-depth: 1
2026-08-24T15:28:55.9288323Z   fetch-tags: false
2026-08-24T15:28:55.9289096Z   show-progress: true
2026-08-24T15:28:55.9289861Z   lfs: false
2026-08-24T15:28:55.9290623Z   submodules: false
2026-08-24T15:28:55.9291398Z   set-safe-directory: true
2026-08-24T15:28:55.9292273Z   allow-unsafe-pr-checkout: false
2026-08-24T15:28:55.9293480Z ##[endgroup]
2026-08-24T15:28:59.1941074Z Syncing repository: ryansammm/MarkForge
2026-08-24T15:28:59.1943257Z ##[group]Getting Git version info
2026-08-24T15:28:59.1943895Z Working directory is 'D:\a\MarkForge\MarkForge'
2026-08-24T15:28:59.1944897Z [command]"C:\Program Files\Git\bin\git.exe" version
2026-08-24T15:28:59.1945494Z git version 2.55.0.windows.4
2026-08-24T15:28:59.1947284Z ##[endgroup]
2026-08-24T15:28:59.1953029Z Temporarily overriding HOME='D:\a\_temp\30183b90-21da-47b5-a3a8-b5a5fcbe571a' before making global git config changes
2026-08-24T15:28:59.1954396Z Adding repository directory to the temporary git global config as a safe directory
2026-08-24T15:28:59.1960882Z [command]"C:\Program Files\Git\bin\git.exe" config --global --add safe.directory D:\a\MarkForge\MarkForge
2026-08-24T15:28:59.1962677Z Deleting the contents of 'D:\a\MarkForge\MarkForge'
2026-08-24T15:28:59.1963834Z ##[group]Initializing the repository
2026-08-24T15:28:59.1964826Z [command]"C:\Program Files\Git\bin\git.exe" init D:\a\MarkForge\MarkForge
2026-08-24T15:28:59.1965857Z Initialized empty Git repository in D:/a/MarkForge/MarkForge/.git/
2026-08-24T15:28:59.1967937Z [command]"C:\Program Files\Git\bin\git.exe" remote add origin https://github.com/ryansammm/MarkForge
2026-08-24T15:28:59.1969993Z ##[endgroup]
2026-08-24T15:28:59.1971063Z ##[group]Disabling automatic garbage collection
2026-08-24T15:28:59.1971965Z [command]"C:\Program Files\Git\bin\git.exe" config --local gc.auto 0
2026-08-24T15:28:59.1974179Z ##[endgroup]
2026-08-24T15:28:59.1975455Z ##[group]Setting up auth
2026-08-24T15:28:59.1976450Z [command]"C:\Program Files\Git\bin\git.exe" config --local --name-only --get-regexp core\.sshCommand
2026-08-24T15:28:59.1979237Z [command]"C:\Program Files\Git\bin\git.exe" submodule foreach --recursive "sh -c \"git config --local --name-only --get-regexp 'core\.sshCommand' && git config --local --unset-all 'core.sshCommand' || :\""
2026-08-24T15:28:59.1982183Z [command]"C:\Program Files\Git\bin\git.exe" config --local --name-only --get-regexp http\.https\:\/\/github\.com\/\.extraheader
2026-08-24T15:28:59.1985583Z [command]"C:\Program Files\Git\bin\git.exe" submodule foreach --recursive "sh -c \"git config --local --name-only --get-regexp 'http\.https\:\/\/github\.com\/\.extraheader' && git config --local --unset-all 'http.https://github.com/.extraheader' || :\""
2026-08-24T15:28:59.4763600Z [command]"C:\Program Files\Git\bin\git.exe" config --local --name-only --get-regexp ^includeIf\.gitdir:
2026-08-24T15:28:59.5259647Z [command]"C:\Program Files\Git\bin\git.exe" submodule foreach --recursive "git config --local --show-origin --name-only --get-regexp remote.origin.url"
2026-08-24T15:29:00.1572591Z [command]"C:\Program Files\Git\bin\git.exe" config --local http.https://github.com/.extraheader "AUTHORIZATION: basic ***"
2026-08-24T15:29:00.1900217Z ##[endgroup]
2026-08-24T15:29:00.1901705Z ##[group]Fetching the repository
2026-08-24T15:29:00.1916064Z [command]"C:\Program Files\Git\bin\git.exe" -c protocol.version=2 fetch --no-tags --prune --no-recurse-submodules --depth=1 origin +9c759bbf4bce13446ab1538dedabfef55669b95f:refs/tags/v1.0.0
2026-08-24T15:29:01.9046148Z From https://github.com/ryansammm/MarkForge
2026-08-24T15:29:01.9047679Z  * [new ref]         9c759bbf4bce13446ab1538dedabfef55669b95f -> v1.0.0
2026-08-24T15:29:01.9101382Z ##[endgroup]
2026-08-24T15:29:01.9125650Z ##[group]Determining the checkout info
2026-08-24T15:29:01.9138401Z ##[endgroup]
2026-08-24T15:29:01.9147335Z [command]"C:\Program Files\Git\bin\git.exe" sparse-checkout disable
2026-08-24T15:29:01.9608426Z [command]"C:\Program Files\Git\bin\git.exe" config --local --unset-all extensions.worktreeConfig
2026-08-24T15:29:01.9925077Z ##[group]Checking out the ref
2026-08-24T15:29:01.9935847Z [command]"C:\Program Files\Git\bin\git.exe" checkout --progress --force refs/tags/v1.0.0
2026-08-24T15:29:02.1381880Z Note: switching to 'refs/tags/v1.0.0'.
2026-08-24T15:29:02.1428759Z 
2026-08-24T15:29:02.1431407Z You are in 'detached HEAD' state. You can look around, make experimental
2026-08-24T15:29:02.1432782Z changes and commit them, and you can discard any commits you make in this
2026-08-24T15:29:02.1457922Z state without impacting any branches by switching back to a branch.
2026-08-24T15:29:02.1509141Z 
2026-08-24T15:29:02.1526944Z If you want to create a new branch to retain commits you create, you may
2026-08-24T15:29:02.1529541Z do so (now or later) by using -c with the switch command. Example:
2026-08-24T15:29:02.1530798Z 
2026-08-24T15:29:02.1535316Z   git switch -c <new-branch-name>
2026-08-24T15:29:02.1541978Z 